[INFO] Scanning for projects...
[INFO] 
[INFO] ----------------------< com.enviro:enviro-brain >-----------------------
[INFO] Building enviro-brain 1.0.0-SNAPSHOT
[INFO]   from pom.xml
[INFO] --------------------------------[ jar ]---------------------------------
[INFO] 
[INFO] --- clean:3.3.2:clean (default-clean) @ enviro-brain ---
[INFO] Deleting D:\gkproject\camera-inspection3.0\enviro-brain\target
[INFO] 
[INFO] --- resources:3.3.1:resources (default-resources) @ enviro-brain ---
[INFO] Copying 2 resources from src\main\resources to target\classes
[INFO] Copying 7 resources from src\main\resources to target\classes
[INFO] 
[INFO] --- compiler:3.13.0:compile (default-compile) @ enviro-brain ---
[INFO] Recompiling the module because of changed source code.
[INFO] Compiling 11 source files with javac [debug parameters release 17] to target\classes
[INFO] 
[INFO] --- resources:3.3.1:testResources (default-testResources) @ enviro-brain ---
[INFO] Copying 2 resources from src\test\resources to target\test-classes
[INFO] 
[INFO] --- compiler:3.13.0:testCompile (default-testCompile) @ enviro-brain ---
[INFO] Recompiling the module because of changed dependency.
[INFO] Compiling 10 source files with javac [debug parameters release 17] to target\test-classes
[INFO] 
[INFO] --- surefire:3.2.5:test (default-test) @ enviro-brain ---
[INFO] Using auto detected provider org.apache.maven.surefire.junitplatform.JUnitPlatformProvider
[INFO] 
[INFO] -------------------------------------------------------
[INFO]  T E S T S
[INFO] -------------------------------------------------------
[INFO] Running com.enviro.brain.entity.CameraConfigTest
[INFO] Tests run: 2, Failures: 0, Errors: 0, Skipped: 0, Time elapsed: 0.070 s -- in com.enviro.brain.entity.CameraConfigTest
[INFO] Running com.enviro.brain.entity.CameraResultTest
[INFO] Tests run: 2, Failures: 0, Errors: 0, Skipped: 0, Time elapsed: 0.007 s -- in com.enviro.brain.entity.CameraResultTest
[INFO] Running com.enviro.brain.entity.HasSyncVersionTest
[INFO] Tests run: 2, Failures: 0, Errors: 0, Skipped: 0, Time elapsed: 0.008 s -- in com.enviro.brain.entity.HasSyncVersionTest
[INFO] Running com.enviro.brain.entity.InspectionRecordTest
[INFO] Tests run: 2, Failures: 0, Errors: 0, Skipped: 0, Time elapsed: 0.007 s -- in com.enviro.brain.entity.InspectionRecordTest
[INFO] Running com.enviro.brain.entity.LedgerRecordTest
[INFO] Tests run: 2, Failures: 0, Errors: 0, Skipped: 0, Time elapsed: 0.005 s -- in com.enviro.brain.entity.LedgerRecordTest
[INFO] Running com.enviro.brain.mapper.CameraConfigMapperTest
11:52:12.995 [main] INFO org.springframework.test.context.support.AnnotationConfigContextLoaderUtils -- Could not detect default configuration classes for test class [com.enviro.brain.mapper.CameraConfigMapperTest]: CameraConfigMapperTest does not declare any static, non-private, non-final, nested classes annotated with @Configuration.
11:52:13.232 [main] INFO org.springframework.boot.test.context.SpringBootTestContextBootstrapper -- Found @SpringBootConfiguration com.enviro.brain.EnviroBrainApplication for test class com.enviro.brain.mapper.CameraConfigMapperTest

  .   ____          _            __ _ _
 /\\ / ___'_ __ _ _(_)_ __  __ _ \ \ \ \
( ( )\___ | '_ | '_| | '_ \/ _` | \ \ \ \
 \\/  ___)| |_)| | | | | || (_| |  ) ) ) )
  '  |____| .__|_| |_|_| |_\__, | / / / /
 =========|_|==============|___/=/_/_/_/

 :: Spring Boot ::                (v3.3.5)

2026-07-06T11:52:13.867+08:00  INFO 33668 --- [           main] c.e.brain.mapper.CameraConfigMapperTest  : Starting CameraConfigMapperTest using Java 17.0.12 with PID 33668 (started by 7even in D:\gkproject\camera-inspection3.0\enviro-brain)
2026-07-06T11:52:13.870+08:00  INFO 33668 --- [           main] c.e.brain.mapper.CameraConfigMapperTest  : The following 1 profile is active: "test"
2026-07-06T11:52:14.510+08:00  INFO 33668 --- [           main] beddedDataSourceBeanFactoryPostProcessor : Replacing 'dataSource' DataSource bean with embedded version
2026-07-06T11:52:15.101+08:00  INFO 33668 --- [           main] o.s.j.d.e.EmbeddedDatabaseFactory        : Starting embedded database: url='jdbc:h2:mem:02547366-148b-4e32-8219-3df8f0b043c5;DB_CLOSE_DELAY=-1;DB_CLOSE_ON_EXIT=false', username='sa'
Logging initialized using 'class org.apache.ibatis.logging.stdout.StdOutImpl' adapter.
2026-07-06T11:52:16.198+08:00  INFO 33668 --- [           main] c.e.brain.mapper.CameraConfigMapperTest  : Started CameraConfigMapperTest in 2.873 seconds (process running for 4.567)
mvn.cmd : Java HotSpot(TM) 64-Bit Server VM warning: Sharing is only supported for boot loader classes because bootstra
p classpath has been appended
所在位置 行:4 字符: 11
+ $output = & mvn -B clean test "-Dmaven.repo.local=$env:USERPROFILE\.w ...
+           ~~~~~~~~~~~~~~~~~~~~~~~~~~~~~~~~~~~~~~~~~~~~~~~~~~~~~~~~~~~
    + CategoryInfo          : NotSpecified: (Java HotSpot(TM...s been appended:String) [], RemoteException
    + FullyQualifiedErrorId : NativeCommandError
 
Creating a new SqlSession
Registering transaction synchronization for SqlSession [org.apache.ibatis.session.defaults.DefaultSqlSession@7493d937]
JDBC Connection [conn2: url=jdbc:h2:mem:02547366-148b-4e32-8219-3df8f0b043c5 user=SA] will be managed by Spring
==>  Preparing: INSERT INTO camera_config ( camera_code, camera_name, rtsp_url, location, enabled ) VALUES ( ?, ?, ?, ?, ? )
==> Parameters: CAM-CFG-001(String), 配置测试摄像头(String), rtsp://192.168.1.100:554/stream(String), 一楼大厅(String), 1(Integer)
<==    Updates: 1
Releasing transactional SqlSession [org.apache.ibatis.session.defaults.DefaultSqlSession@7493d937]
Transaction synchronization deregistering SqlSession [org.apache.ibatis.session.defaults.DefaultSqlSession@7493d937]
Transaction synchronization closing SqlSession [org.apache.ibatis.session.defaults.DefaultSqlSession@7493d937]
Creating a new SqlSession
Registering transaction synchronization for SqlSession [org.apache.ibatis.session.defaults.DefaultSqlSession@5817f1ca]
JDBC Connection [conn3: url=jdbc:h2:mem:02547366-148b-4e32-8219-3df8f0b043c5 user=SA] will be managed by Spring
==>  Preparing: INSERT INTO camera_config ( camera_code, camera_name, rtsp_url, location, enabled ) VALUES ( ?, ?, ?, ?, ? )
==> Parameters: CAM-FINDALL(String), findAll测试(String), rtsp://192.168.1.103:554/stream(String), null, 1(Integer)
<==    Updates: 1
Releasing transactional SqlSession [org.apache.ibatis.session.defaults.DefaultSqlSession@5817f1ca]
Fetched SqlSession [org.apache.ibatis.session.defaults.DefaultSqlSession@5817f1ca] from current transaction
==>  Preparing: SELECT * FROM camera_config ORDER BY id ASC
==> Parameters: 
<==    Columns: ID, CAMERA_CODE, CAMERA_NAME, RTSP_URL, LOCATION, ENABLED, CREATED_AT, UPDATED_AT
<==        Row: 2, CAM-FINDALL, findAll测试, rtsp://192.168.1.103:554/stream, null, 1, 2026-07-06 11:52:17.46052, 2026-07-06 11:52:17.46052
<==      Total: 1
Releasing transactional SqlSession [org.apache.ibatis.session.defaults.DefaultSqlSession@5817f1ca]
Transaction synchronization deregistering SqlSession [org.apache.ibatis.session.defaults.DefaultSqlSession@5817f1ca]
Transaction synchronization closing SqlSession [org.apache.ibatis.session.defaults.DefaultSqlSession@5817f1ca]
Creating a new SqlSession
Registering transaction synchronization for SqlSession [org.apache.ibatis.session.defaults.DefaultSqlSession@d3cce46]
JDBC Connection [conn4: url=jdbc:h2:mem:02547366-148b-4e32-8219-3df8f0b043c5 user=SA] will be managed by Spring
==>  Preparing: INSERT INTO camera_config ( camera_code, camera_name, rtsp_url, location, enabled ) VALUES ( ?, ?, ?, ?, ? )
==> Parameters: CAM-UPDATE-001(String), 更新前(String), rtsp://192.168.1.400:554/stream(String), 五楼(String), 1(Integer)
<==    Updates: 1
Releasing transactional SqlSession [org.apache.ibatis.session.defaults.DefaultSqlSession@d3cce46]
Fetched SqlSession [org.apache.ibatis.session.defaults.DefaultSqlSession@d3cce46] from current transaction
==>  Preparing: UPDATE camera_config SET camera_name = ?, rtsp_url = ?, location = ?, enabled = ?, updated_at = CURRENT_TIMESTAMP WHERE id = ?
==> Parameters: 更新后(String), rtsp://192.168.1.400:554/stream(String), 五楼-新位置(String), 0(Integer), 3(Long)
<==    Updates: 1
Releasing transactional SqlSession [org.apache.ibatis.session.defaults.DefaultSqlSession@d3cce46]
Fetched SqlSession [org.apache.ibatis.session.defaults.DefaultSqlSession@d3cce46] from current transaction
==>  Preparing: SELECT * FROM camera_config WHERE camera_code = ?
==> Parameters: CAM-UPDATE-001(String)
<==    Columns: ID, CAMERA_CODE, CAMERA_NAME, RTSP_URL, LOCATION, ENABLED, CREATED_AT, UPDATED_AT
<==        Row: 3, CAM-UPDATE-001, 更新后, rtsp://192.168.1.400:554/stream, 五楼-新位置, 0, 2026-07-06 11:52:17.513703, 2026-07-06 11:52:17.513703
<==      Total: 1
Releasing transactional SqlSession [org.apache.ibatis.session.defaults.DefaultSqlSession@d3cce46]
Transaction synchronization deregistering SqlSession [org.apache.ibatis.session.defaults.DefaultSqlSession@d3cce46]
Transaction synchronization closing SqlSession [org.apache.ibatis.session.defaults.DefaultSqlSession@d3cce46]
Creating a new SqlSession
Registering transaction synchronization for SqlSession [org.apache.ibatis.session.defaults.DefaultSqlSession@4a9bce99]
JDBC Connection [conn5: url=jdbc:h2:mem:02547366-148b-4e32-8219-3df8f0b043c5 user=SA] will be managed by Spring
==>  Preparing: INSERT INTO camera_config ( camera_code, camera_name, rtsp_url, location, enabled ) VALUES ( ?, ?, ?, ?, ? )
==> Parameters: CAM-DELETE-001(String), 待删除(String), rtsp://192.168.1.300:554/stream(String), null, 1(Integer)
<==    Updates: 1
Releasing transactional SqlSession [org.apache.ibatis.session.defaults.DefaultSqlSession@4a9bce99]
Fetched SqlSession [org.apache.ibatis.session.defaults.DefaultSqlSession@4a9bce99] from current transaction
==>  Preparing: DELETE FROM camera_config WHERE camera_code = ?
==> Parameters: CAM-DELETE-001(String)
<==    Updates: 1
Releasing transactional SqlSession [org.apache.ibatis.session.defaults.DefaultSqlSession@4a9bce99]
Fetched SqlSession [org.apache.ibatis.session.defaults.DefaultSqlSession@4a9bce99] from current transaction
==>  Preparing: SELECT * FROM camera_config WHERE camera_code = ?
==> Parameters: CAM-DELETE-001(String)
<==      Total: 0
Releasing transactional SqlSession [org.apache.ibatis.session.defaults.DefaultSqlSession@4a9bce99]
Transaction synchronization deregistering SqlSession [org.apache.ibatis.session.defaults.DefaultSqlSession@4a9bce99]
Transaction synchronization closing SqlSession [org.apache.ibatis.session.defaults.DefaultSqlSession@4a9bce99]
Creating a new SqlSession
Registering transaction synchronization for SqlSession [org.apache.ibatis.session.defaults.DefaultSqlSession@4be12f6c]
JDBC Connection [conn6: url=jdbc:h2:mem:02547366-148b-4e32-8219-3df8f0b043c5 user=SA] will be managed by Spring
==>  Preparing: INSERT INTO camera_config ( camera_code, camera_name, rtsp_url, location, enabled ) VALUES ( ?, ?, ?, ?, ? )
==> Parameters: CAM-UPSERT-002(String), Upsert原始(String), rtsp://192.168.1.201:554/stream(String), 四楼走廊(String), 1(Integer)
<==    Updates: 1
Releasing transactional SqlSession [org.apache.ibatis.session.defaults.DefaultSqlSession@4be12f6c]
Fetched SqlSession [org.apache.ibatis.session.defaults.DefaultSqlSession@4be12f6c] from current transaction
==>  Preparing: MERGE INTO camera_config (camera_code, camera_name, rtsp_url, location, enabled) KEY (camera_code) VALUES (?, ?, ?, ?, ?)
==> Parameters: CAM-UPSERT-002(String), Upsert更新后(String), rtsp://192.168.1.201:554/new-stream(String), 四楼走廊-新位置(String), 0(Integer)
<==    Updates: 1
Releasing transactional SqlSession [org.apache.ibatis.session.defaults.DefaultSqlSession@4be12f6c]
Fetched SqlSession [org.apache.ibatis.session.defaults.DefaultSqlSession@4be12f6c] from current transaction
==>  Preparing: SELECT * FROM camera_config WHERE camera_code = ?
==> Parameters: CAM-UPSERT-002(String)
<==    Columns: ID, CAMERA_CODE, CAMERA_NAME, RTSP_URL, LOCATION, ENABLED, CREATED_AT, UPDATED_AT
<==        Row: 5, CAM-UPSERT-002, Upsert更新后, rtsp://192.168.1.201:554/new-stream, 四楼走廊-新位置, 0, 2026-07-06 11:52:17.541708, 2026-07-06 11:52:17.541708
<==      Total: 1
Releasing transactional SqlSession [org.apache.ibatis.session.defaults.DefaultSqlSession@4be12f6c]
Transaction synchronization deregistering SqlSession [org.apache.ibatis.session.defaults.DefaultSqlSession@4be12f6c]
Transaction synchronization closing SqlSession [org.apache.ibatis.session.defaults.DefaultSqlSession@4be12f6c]
Creating a new SqlSession
Registering transaction synchronization for SqlSession [org.apache.ibatis.session.defaults.DefaultSqlSession@218df7d6]
JDBC Connection [conn7: url=jdbc:h2:mem:02547366-148b-4e32-8219-3df8f0b043c5 user=SA] will be managed by Spring
==>  Preparing: MERGE INTO camera_config (camera_code, camera_name, rtsp_url, location, enabled) KEY (camera_code) VALUES (?, ?, ?, ?, ?)
==> Parameters: CAM-UPSERT-001(String), Upsert新增(String), rtsp://192.168.1.200:554/stream(String), 三楼会议室(String), 1(Integer)
<==    Updates: 1
Releasing transactional SqlSession [org.apache.ibatis.session.defaults.DefaultSqlSession@218df7d6]
Fetched SqlSession [org.apache.ibatis.session.defaults.DefaultSqlSession@218df7d6] from current transaction
==>  Preparing: SELECT * FROM camera_config WHERE camera_code = ?
==> Parameters: CAM-UPSERT-001(String)
<==    Columns: ID, CAMERA_CODE, CAMERA_NAME, RTSP_URL, LOCATION, ENABLED, CREATED_AT, UPDATED_AT
<==        Row: 6, CAM-UPSERT-001, Upsert新增, rtsp://192.168.1.200:554/stream, 三楼会议室, 1, 2026-07-06 11:52:17.551705, 2026-07-06 11:52:17.551705
<==      Total: 1
Releasing transactional SqlSession [org.apache.ibatis.session.defaults.DefaultSqlSession@218df7d6]
Transaction synchronization deregistering SqlSession [org.apache.ibatis.session.defaults.DefaultSqlSession@218df7d6]
Transaction synchronization closing SqlSession [org.apache.ibatis.session.defaults.DefaultSqlSession@218df7d6]
Creating a new SqlSession
Registering transaction synchronization for SqlSession [org.apache.ibatis.session.defaults.DefaultSqlSession@20864cd1]
JDBC Connection [conn8: url=jdbc:h2:mem:02547366-148b-4e32-8219-3df8f0b043c5 user=SA] will be managed by Spring
==>  Preparing: INSERT INTO camera_config ( camera_code, camera_name, rtsp_url, location, enabled ) VALUES ( ?, ?, ?, ?, ? )
==> Parameters: CAM-CFG-002(String), 查找测试(String), rtsp://192.168.1.101:554/stream(String), 二楼办公室(String), 1(Integer)
<==    Updates: 1
Releasing transactional SqlSession [org.apache.ibatis.session.defaults.DefaultSqlSession@20864cd1]
Fetched SqlSession [org.apache.ibatis.session.defaults.DefaultSqlSession@20864cd1] from current transaction
==>  Preparing: SELECT * FROM camera_config WHERE id = ?
==> Parameters: 7(Long)
<==    Columns: ID, CAMERA_CODE, CAMERA_NAME, RTSP_URL, LOCATION, ENABLED, CREATED_AT, UPDATED_AT
<==        Row: 7, CAM-CFG-002, 查找测试, rtsp://192.168.1.101:554/stream, 二楼办公室, 1, 2026-07-06 11:52:17.557703, 2026-07-06 11:52:17.557703
<==      Total: 1
Releasing transactional SqlSession [org.apache.ibatis.session.defaults.DefaultSqlSession@20864cd1]
Transaction synchronization deregistering SqlSession [org.apache.ibatis.session.defaults.DefaultSqlSession@20864cd1]
Transaction synchronization closing SqlSession [org.apache.ibatis.session.defaults.DefaultSqlSession@20864cd1]
Creating a new SqlSession
Registering transaction synchronization for SqlSession [org.apache.ibatis.session.defaults.DefaultSqlSession@31940704]
JDBC Connection [conn9: url=jdbc:h2:mem:02547366-148b-4e32-8219-3df8f0b043c5 user=SA] will be managed by Spring
==>  Preparing: INSERT INTO camera_config ( camera_code, camera_name, rtsp_url, location, enabled ) VALUES ( ?, ?, ?, ?, ? )
==> Parameters: CAM-UNIQUE-001(String), 唯一编码测试(String), rtsp://192.168.1.102:554/stream(String), null, 1(Integer)
<==    Updates: 1
Releasing transactional SqlSession [org.apache.ibatis.session.defaults.DefaultSqlSession@31940704]
Fetched SqlSession [org.apache.ibatis.session.defaults.DefaultSqlSession@31940704] from current transaction
==>  Preparing: SELECT * FROM camera_config WHERE camera_code = ?
==> Parameters: CAM-UNIQUE-001(String)
<==    Columns: ID, CAMERA_CODE, CAMERA_NAME, RTSP_URL, LOCATION, ENABLED, CREATED_AT, UPDATED_AT
<==        Row: 8, CAM-UNIQUE-001, 唯一编码测试, rtsp://192.168.1.102:554/stream, null, 1, 2026-07-06 11:52:17.565702, 2026-07-06 11:52:17.565702
<==      Total: 1
Releasing transactional SqlSession [org.apache.ibatis.session.defaults.DefaultSqlSession@31940704]
Transaction synchronization deregistering SqlSession [org.apache.ibatis.session.defaults.DefaultSqlSession@31940704]
Transaction synchronization closing SqlSession [org.apache.ibatis.session.defaults.DefaultSqlSession@31940704]
[INFO] Tests run: 8, Failures: 0, Errors: 0, Skipped: 0, Time elapsed: 4.895 s -- in com.enviro.brain.mapper.CameraConfigMapperTest
[INFO] Running com.enviro.brain.mapper.CameraResultMapperTest
2026-07-06T11:52:17.577+08:00  INFO 33668 --- [           main] t.c.s.AnnotationConfigContextLoaderUtils : Could not detect default configuration classes for test class [com.enviro.brain.mapper.CameraResultMapperTest]: CameraResultMapperTest does not declare any static, non-private, non-final, nested classes annotated with @Configuration.
2026-07-06T11:52:17.589+08:00  INFO 33668 --- [           main] .b.t.c.SpringBootTestContextBootstrapper : Found @SpringBootConfiguration com.enviro.brain.EnviroBrainApplication for test class com.enviro.brain.mapper.CameraResultMapperTest
Creating a new SqlSession
Registering transaction synchronization for SqlSession [org.apache.ibatis.session.defaults.DefaultSqlSession@4ccdacf5]
JDBC Connection [conn10: url=jdbc:h2:mem:02547366-148b-4e32-8219-3df8f0b043c5 user=SA] will be managed by Spring
==>  Preparing: INSERT INTO inspection_records ( batch_id, inspection_date, total_cameras, online_count, offline_count, abnormal_count, status, sync_version ) VALUES ( ?, ?, ?, ?, ?, ?, ?, ? )
==> Parameters: BATCH-TEST-11124500804700(String), 2026-07-06(LocalDate), 10(Integer), 8(Integer), 1(Integer), 1(Integer), RUNNING(String), 0(Long)
<==    Updates: 1
Releasing transactional SqlSession [org.apache.ibatis.session.defaults.DefaultSqlSession@4ccdacf5]
Fetched SqlSession [org.apache.ibatis.session.defaults.DefaultSqlSession@4ccdacf5] from current transaction
==>  Preparing: INSERT INTO camera_results ( record_id, camera_code, camera_name, status, quality_score, screenshot_path, error_message, sync_version ) VALUES ( ?, ?, ?, ?, ?, ?, ?, ? )
==> Parameters: 1(Long), CAM-002(String), 摄像头002(String), OFFLINE(String), 0.00(BigDecimal), null, Connection timeout(String), 0(Long)
<==    Updates: 1
Releasing transactional SqlSession [org.apache.ibatis.session.defaults.DefaultSqlSession@4ccdacf5]
Fetched SqlSession [org.apache.ibatis.session.defaults.DefaultSqlSession@4ccdacf5] from current transaction
==>  Preparing: SELECT * FROM camera_results WHERE id = ?
==> Parameters: 1(Long)
<==    Columns: ID, RECORD_ID, CAMERA_CODE, CAMERA_NAME, STATUS, QUALITY_SCORE, SCREENSHOT_PATH, ERROR_MESSAGE, SYNC_VERSION, CREATED_AT
<==        Row: 1, 1, CAM-002, 摄像头002, OFFLINE, 0.00, null, Connection timeout, 0, 2026-07-06 11:52:17.598376
<==      Total: 1
Releasing transactional SqlSession [org.apache.ibatis.session.defaults.DefaultSqlSession@4ccdacf5]
Transaction synchronization deregistering SqlSession [org.apache.ibatis.session.defaults.DefaultSqlSession@4ccdacf5]
Transaction synchronization closing SqlSession [org.apache.ibatis.session.defaults.DefaultSqlSession@4ccdacf5]
Creating a new SqlSession
Registering transaction synchronization for SqlSession [org.apache.ibatis.session.defaults.DefaultSqlSession@1f26b992]
JDBC Connection [conn11: url=jdbc:h2:mem:02547366-148b-4e32-8219-3df8f0b043c5 user=SA] will be managed by Spring
==>  Preparing: INSERT INTO inspection_records ( batch_id, inspection_date, total_cameras, online_count, offline_count, abnormal_count, status, sync_version ) VALUES ( ?, ?, ?, ?, ?, ?, ?, ? )
==> Parameters: BATCH-TEST-11124516417500(String), 2026-07-06(LocalDate), 10(Integer), 8(Integer), 1(Integer), 1(Integer), RUNNING(String), 0(Long)
<==    Updates: 1
Releasing transactional SqlSession [org.apache.ibatis.session.defaults.DefaultSqlSession@1f26b992]
Fetched SqlSession [org.apache.ibatis.session.defaults.DefaultSqlSession@1f26b992] from current transaction
==>  Preparing: INSERT INTO camera_results ( record_id, camera_code, camera_name, status, quality_score, screenshot_path, error_message, sync_version ) VALUES ( ?, ?, ?, ?, ?, ?, ?, ? )
==> Parameters: 2(Long), CAM-001(String), 摄像头001(String), ONLINE(String), 85.50(BigDecimal), /screenshots/CAM-001-001.jpg(String), null, 0(Long)
<==    Updates: 1
Releasing transactional SqlSession [org.apache.ibatis.session.defaults.DefaultSqlSession@1f26b992]
Transaction synchronization deregistering SqlSession [org.apache.ibatis.session.defaults.DefaultSqlSession@1f26b992]
Transaction synchronization closing SqlSession [org.apache.ibatis.session.defaults.DefaultSqlSession@1f26b992]
Creating a new SqlSession
Registering transaction synchronization for SqlSession [org.apache.ibatis.session.defaults.DefaultSqlSession@67fac095]
JDBC Connection [conn12: url=jdbc:h2:mem:02547366-148b-4e32-8219-3df8f0b043c5 user=SA] will be managed by Spring
==>  Preparing: SELECT * FROM camera_results WHERE sync_version > ? ORDER BY sync_version ASC LIMIT ?
==> Parameters: 0(Long), 100(Integer)
<==      Total: 0
Releasing transactional SqlSession [org.apache.ibatis.session.defaults.DefaultSqlSession@67fac095]
Transaction synchronization deregistering SqlSession [org.apache.ibatis.session.defaults.DefaultSqlSession@67fac095]
Transaction synchronization closing SqlSession [org.apache.ibatis.session.defaults.DefaultSqlSession@67fac095]
Creating a new SqlSession
Registering transaction synchronization for SqlSession [org.apache.ibatis.session.defaults.DefaultSqlSession@786ff0ea]
JDBC Connection [conn13: url=jdbc:h2:mem:02547366-148b-4e32-8219-3df8f0b043c5 user=SA] will be managed by Spring
==>  Preparing: INSERT INTO inspection_records ( batch_id, inspection_date, total_cameras, online_count, offline_count, abnormal_count, status, sync_version ) VALUES ( ?, ?, ?, ?, ?, ?, ?, ? )
==> Parameters: BATCH-TEST-11124533681400(String), 2026-07-06(LocalDate), 10(Integer), 8(Integer), 1(Integer), 1(Integer), RUNNING(String), 0(Long)
<==    Updates: 1
Releasing transactional SqlSession [org.apache.ibatis.session.defaults.DefaultSqlSession@786ff0ea]
Fetched SqlSession [org.apache.ibatis.session.defaults.DefaultSqlSession@786ff0ea] from current transaction
==>  Preparing: INSERT INTO camera_results ( record_id, camera_code, camera_name, status, quality_score, screenshot_path, error_message, sync_version ) VALUES ( ?, ?, ?, ?, ?, ?, ?, ? )
==> Parameters: 3(Long), CAM-003(String), 摄像头003(String), ONLINE(String), null, null, null, 0(Long)
<==    Updates: 1
Releasing transactional SqlSession [org.apache.ibatis.session.defaults.DefaultSqlSession@786ff0ea]
Fetched SqlSession [org.apache.ibatis.session.defaults.DefaultSqlSession@786ff0ea] from current transaction
==>  Preparing: INSERT INTO camera_results ( record_id, camera_code, camera_name, status, quality_score, screenshot_path, error_message, sync_version ) VALUES ( ?, ?, ?, ?, ?, ?, ?, ? )
==> Parameters: 3(Long), CAM-004(String), 摄像头004(String), ABNORMAL(String), null, null, null, 0(Long)
<==    Updates: 1
Releasing transactional SqlSession [org.apache.ibatis.session.defaults.DefaultSqlSession@786ff0ea]
Fetched SqlSession [org.apache.ibatis.session.defaults.DefaultSqlSession@786ff0ea] from current transaction
==>  Preparing: SELECT * FROM camera_results WHERE record_id = ? ORDER BY id ASC
==> Parameters: 3(Long)
<==    Columns: ID, RECORD_ID, CAMERA_CODE, CAMERA_NAME, STATUS, QUALITY_SCORE, SCREENSHOT_PATH, ERROR_MESSAGE, SYNC_VERSION, CREATED_AT
<==        Row: 3, 3, CAM-003, 摄像头003, ONLINE, null, null, null, 0, 2026-07-06 11:52:17.628375
<==        Row: 4, 3, CAM-004, 摄像头004, ABNORMAL, null, null, null, 0, 2026-07-06 11:52:17.628375
<==      Total: 2
Releasing transactional SqlSession [org.apache.ibatis.session.defaults.DefaultSqlSession@786ff0ea]
Transaction synchronization deregistering SqlSession [org.apache.ibatis.session.defaults.DefaultSqlSession@786ff0ea]
Transaction synchronization closing SqlSession [org.apache.ibatis.session.defaults.DefaultSqlSession@786ff0ea]
Creating a new SqlSession
Registering transaction synchronization for SqlSession [org.apache.ibatis.session.defaults.DefaultSqlSession@194b9783]
JDBC Connection [conn14: url=jdbc:h2:mem:02547366-148b-4e32-8219-3df8f0b043c5 user=SA] will be managed by Spring
==>  Preparing: INSERT INTO inspection_records ( batch_id, inspection_date, total_cameras, online_count, offline_count, abnormal_count, status, sync_version ) VALUES ( ?, ?, ?, ?, ?, ?, ?, ? )
==> Parameters: BATCH-TEST-11124548428700(String), 2026-07-06(LocalDate), 10(Integer), 8(Integer), 1(Integer), 1(Integer), RUNNING(String), 0(Long)
<==    Updates: 1
Releasing transactional SqlSession [org.apache.ibatis.session.defaults.DefaultSqlSession@194b9783]
Fetched SqlSession [org.apache.ibatis.session.defaults.DefaultSqlSession@194b9783] from current transaction
==>  Preparing: INSERT INTO camera_results ( record_id, camera_code, camera_name, status, quality_score, screenshot_path, error_message, sync_version ) VALUES ( ?, ?, ?, ?, ?, ?, ?, ? )
==> Parameters: 4(Long), CAM-ALL(String), 摄像头ALL(String), ONLINE(String), null, null, null, 0(Long)
<==    Updates: 1
Releasing transactional SqlSession [org.apache.ibatis.session.defaults.DefaultSqlSession@194b9783]
Fetched SqlSession [org.apache.ibatis.session.defaults.DefaultSqlSession@194b9783] from current transaction
==>  Preparing: SELECT * FROM camera_results ORDER BY created_at DESC
==> Parameters: 
<==    Columns: ID, RECORD_ID, CAMERA_CODE, CAMERA_NAME, STATUS, QUALITY_SCORE, SCREENSHOT_PATH, ERROR_MESSAGE, SYNC_VERSION, CREATED_AT
<==        Row: 5, 4, CAM-ALL, 摄像头ALL, ONLINE, null, null, null, 0, 2026-07-06 11:52:17.643373
<==      Total: 1
Releasing transactional SqlSession [org.apache.ibatis.session.defaults.DefaultSqlSession@194b9783]
Transaction synchronization deregistering SqlSession [org.apache.ibatis.session.defaults.DefaultSqlSession@194b9783]
Transaction synchronization closing SqlSession [org.apache.ibatis.session.defaults.DefaultSqlSession@194b9783]
[INFO] Tests run: 5, Failures: 0, Errors: 0, Skipped: 0, Time elapsed: 0.081 s -- in com.enviro.brain.mapper.CameraResultMapperTest
[INFO] Running com.enviro.brain.mapper.InspectionRecordMapperTest
2026-07-06T11:52:17.656+08:00  INFO 33668 --- [           main] t.c.s.AnnotationConfigContextLoaderUtils : Could not detect default configuration classes for test class [com.enviro.brain.mapper.InspectionRecordMapperTest]: InspectionRecordMapperTest does not declare any static, non-private, non-final, nested classes annotated with @Configuration.
2026-07-06T11:52:17.662+08:00  INFO 33668 --- [           main] .b.t.c.SpringBootTestContextBootstrapper : Found @SpringBootConfiguration com.enviro.brain.EnviroBrainApplication for test class com.enviro.brain.mapper.InspectionRecordMapperTest
Creating a new SqlSession
Registering transaction synchronization for SqlSession [org.apache.ibatis.session.defaults.DefaultSqlSession@7757a37f]
JDBC Connection [conn15: url=jdbc:h2:mem:02547366-148b-4e32-8219-3df8f0b043c5 user=SA] will be managed by Spring
==>  Preparing: INSERT INTO inspection_records ( batch_id, inspection_date, total_cameras, online_count, offline_count, abnormal_count, status, sync_version ) VALUES ( ?, ?, ?, ?, ?, ?, ?, ? )
==> Parameters: BATCH-002(String), 2026-07-06(LocalDate), 5(Integer), 4(Integer), 1(Integer), 0(Integer), COMPLETED(String), 0(Long)
<==    Updates: 1
Releasing transactional SqlSession [org.apache.ibatis.session.defaults.DefaultSqlSession@7757a37f]
Fetched SqlSession [org.apache.ibatis.session.defaults.DefaultSqlSession@7757a37f] from current transaction
==>  Preparing: SELECT * FROM inspection_records WHERE id = ?
==> Parameters: 5(Long)
<==    Columns: ID, BATCH_ID, INSPECTION_DATE, TOTAL_CAMERAS, ONLINE_COUNT, OFFLINE_COUNT, ABNORMAL_COUNT, STATUS, SYNC_VERSION, CREATED_AT, UPDATED_AT
<==        Row: 5, BATCH-002, 2026-07-06, 5, 4, 1, 0, COMPLETED, 0, 2026-07-06 11:52:17.666376, 2026-07-06 11:52:17.666376
<==      Total: 1
Releasing transactional SqlSession [org.apache.ibatis.session.defaults.DefaultSqlSession@7757a37f]
Transaction synchronization deregistering SqlSession [org.apache.ibatis.session.defaults.DefaultSqlSession@7757a37f]
Transaction synchronization closing SqlSession [org.apache.ibatis.session.defaults.DefaultSqlSession@7757a37f]
Creating a new SqlSession
Registering transaction synchronization for SqlSession [org.apache.ibatis.session.defaults.DefaultSqlSession@1d7c9811]
JDBC Connection [conn16: url=jdbc:h2:mem:02547366-148b-4e32-8219-3df8f0b043c5 user=SA] will be managed by Spring
==>  Preparing: INSERT INTO inspection_records ( batch_id, inspection_date, total_cameras, online_count, offline_count, abnormal_count, status, sync_version ) VALUES ( ?, ?, ?, ?, ?, ?, ?, ? )
==> Parameters: BATCH-001(String), 2026-07-06(LocalDate), 10(Integer), 8(Integer), 2(Integer), 0(Integer), COMPLETED(String), 0(Long)
<==    Updates: 1
Releasing transactional SqlSession [org.apache.ibatis.session.defaults.DefaultSqlSession@1d7c9811]
Transaction synchronization deregistering SqlSession [org.apache.ibatis.session.defaults.DefaultSqlSession@1d7c9811]
Transaction synchronization closing SqlSession [org.apache.ibatis.session.defaults.DefaultSqlSession@1d7c9811]
Creating a new SqlSession
Registering transaction synchronization for SqlSession [org.apache.ibatis.session.defaults.DefaultSqlSession@79cdf2d4]
JDBC Connection [conn17: url=jdbc:h2:mem:02547366-148b-4e32-8219-3df8f0b043c5 user=SA] will be managed by Spring
==>  Preparing: INSERT INTO inspection_records ( batch_id, inspection_date, total_cameras, online_count, offline_count, abnormal_count, status, sync_version ) VALUES ( ?, ?, ?, ?, ?, ?, ?, ? )
==> Parameters: BATCH-OLD(String), 2026-07-06(LocalDate), 1(Integer), 1(Integer), 0(Integer), 0(Integer), COMPLETED(String), 0(Long)
<==    Updates: 1
Releasing transactional SqlSession [org.apache.ibatis.session.defaults.DefaultSqlSession@79cdf2d4]
Fetched SqlSession [org.apache.ibatis.session.defaults.DefaultSqlSession@79cdf2d4] from current transaction
==>  Preparing: SELECT * FROM inspection_records WHERE sync_version > ? ORDER BY sync_version ASC LIMIT ?
==> Parameters: 0(Long), 10(Integer)
<==      Total: 0
Releasing transactional SqlSession [org.apache.ibatis.session.defaults.DefaultSqlSession@79cdf2d4]
Transaction synchronization deregistering SqlSession [org.apache.ibatis.session.defaults.DefaultSqlSession@79cdf2d4]
Transaction synchronization closing SqlSession [org.apache.ibatis.session.defaults.DefaultSqlSession@79cdf2d4]
Creating a new SqlSession
Registering transaction synchronization for SqlSession [org.apache.ibatis.session.defaults.DefaultSqlSession@67d5ac2f]
JDBC Connection [conn18: url=jdbc:h2:mem:02547366-148b-4e32-8219-3df8f0b043c5 user=SA] will be managed by Spring
==>  Preparing: INSERT INTO inspection_records ( batch_id, inspection_date, total_cameras, online_count, offline_count, abnormal_count, status, sync_version ) VALUES ( ?, ?, ?, ?, ?, ?, ?, ? )
==> Parameters: BATCH-ALL-1(String), 2026-07-06(LocalDate), 1(Integer), 1(Integer), 0(Integer), 0(Integer), COMPLETED(String), 0(Long)
<==    Updates: 1
Releasing transactional SqlSession [org.apache.ibatis.session.defaults.DefaultSqlSession@67d5ac2f]
Fetched SqlSession [org.apache.ibatis.session.defaults.DefaultSqlSession@67d5ac2f] from current transaction
==>  Preparing: INSERT INTO inspection_records ( batch_id, inspection_date, total_cameras, online_count, offline_count, abnormal_count, status, sync_version ) VALUES ( ?, ?, ?, ?, ?, ?, ?, ? )
==> Parameters: BATCH-ALL-2(String), 2026-07-06(LocalDate), 1(Integer), 1(Integer), 0(Integer), 0(Integer), COMPLETED(String), 0(Long)
<==    Updates: 1
Releasing transactional SqlSession [org.apache.ibatis.session.defaults.DefaultSqlSession@67d5ac2f]
Fetched SqlSession [org.apache.ibatis.session.defaults.DefaultSqlSession@67d5ac2f] from current transaction
==>  Preparing: SELECT * FROM inspection_records ORDER BY created_at DESC
==> Parameters: 
<==    Columns: ID, BATCH_ID, INSPECTION_DATE, TOTAL_CAMERAS, ONLINE_COUNT, OFFLINE_COUNT, ABNORMAL_COUNT, STATUS, SYNC_VERSION, CREATED_AT, UPDATED_AT
<==        Row: 8, BATCH-ALL-1, 2026-07-06, 1, 1, 0, 0, COMPLETED, 0, 2026-07-06 11:52:17.690375, 2026-07-06 11:52:17.690375
<==        Row: 9, BATCH-ALL-2, 2026-07-06, 1, 1, 0, 0, COMPLETED, 0, 2026-07-06 11:52:17.690375, 2026-07-06 11:52:17.690375
<==      Total: 2
Releasing transactional SqlSession [org.apache.ibatis.session.defaults.DefaultSqlSession@67d5ac2f]
Transaction synchronization deregistering SqlSession [org.apache.ibatis.session.defaults.DefaultSqlSession@67d5ac2f]
Transaction synchronization closing SqlSession [org.apache.ibatis.session.defaults.DefaultSqlSession@67d5ac2f]
Creating a new SqlSession
Registering transaction synchronization for SqlSession [org.apache.ibatis.session.defaults.DefaultSqlSession@42ecc554]
JDBC Connection [conn19: url=jdbc:h2:mem:02547366-148b-4e32-8219-3df8f0b043c5 user=SA] will be managed by Spring
==>  Preparing: INSERT INTO inspection_records ( batch_id, inspection_date, total_cameras, online_count, offline_count, abnormal_count, status, sync_version ) VALUES ( ?, ?, ?, ?, ?, ?, ?, ? )
==> Parameters: BATCH-003(String), 2026-07-06(LocalDate), 3(Integer), 2(Integer), 1(Integer), 0(Integer), COMPLETED(String), 0(Long)
<==    Updates: 1
Releasing transactional SqlSession [org.apache.ibatis.session.defaults.DefaultSqlSession@42ecc554]
Fetched SqlSession [org.apache.ibatis.session.defaults.DefaultSqlSession@42ecc554] from current transaction
==>  Preparing: SELECT * FROM inspection_records WHERE batch_id = ? ORDER BY created_at DESC
==> Parameters: BATCH-003(String)
<==    Columns: ID, BATCH_ID, INSPECTION_DATE, TOTAL_CAMERAS, ONLINE_COUNT, OFFLINE_COUNT, ABNORMAL_COUNT, STATUS, SYNC_VERSION, CREATED_AT, UPDATED_AT
<==        Row: 10, BATCH-003, 2026-07-06, 3, 2, 1, 0, COMPLETED, 0, 2026-07-06 11:52:17.698375, 2026-07-06 11:52:17.698375
<==      Total: 1
Releasing transactional SqlSession [org.apache.ibatis.session.defaults.DefaultSqlSession@42ecc554]
Transaction synchronization deregistering SqlSession [org.apache.ibatis.session.defaults.DefaultSqlSession@42ecc554]
Transaction synchronization closing SqlSession [org.apache.ibatis.session.defaults.DefaultSqlSession@42ecc554]
[INFO] Tests run: 5, Failures: 0, Errors: 0, Skipped: 0, Time elapsed: 0.047 s -- in com.enviro.brain.mapper.InspectionRecordMapperTest
[INFO] Running com.enviro.brain.mapper.LedgerRecordMapperTest
2026-07-06T11:52:17.704+08:00  INFO 33668 --- [           main] t.c.s.AnnotationConfigContextLoaderUtils : Could not detect default configuration classes for test class [com.enviro.brain.mapper.LedgerRecordMapperTest]: LedgerRecordMapperTest does not declare any static, non-private, non-final, nested classes annotated with @Configuration.
2026-07-06T11:52:17.711+08:00  INFO 33668 --- [           main] .b.t.c.SpringBootTestContextBootstrapper : Found @SpringBootConfiguration com.enviro.brain.EnviroBrainApplication for test class com.enviro.brain.mapper.LedgerRecordMapperTest
Creating a new SqlSession
Registering transaction synchronization for SqlSession [org.apache.ibatis.session.defaults.DefaultSqlSession@49986178]
JDBC Connection [conn20: url=jdbc:h2:mem:02547366-148b-4e32-8219-3df8f0b043c5 user=SA] will be managed by Spring
==>  Preparing: INSERT INTO inspection_records ( batch_id, inspection_date, total_cameras, online_count, offline_count, abnormal_count, status, sync_version ) VALUES ( ?, ?, ?, ?, ?, ?, ?, ? )
==> Parameters: BATCH-LEDGER-11124621206100(String), 2026-07-06(LocalDate), 5(Integer), 5(Integer), 0(Integer), 0(Integer), RUNNING(String), 0(Long)
<==    Updates: 1
Releasing transactional SqlSession [org.apache.ibatis.session.defaults.DefaultSqlSession@49986178]
Fetched SqlSession [org.apache.ibatis.session.defaults.DefaultSqlSession@49986178] from current transaction
==>  Preparing: INSERT INTO ledger_records ( record_id, inspection_date, content, docx_path, sync_version ) VALUES ( ?, ?, ?, ?, ? )
==> Parameters: 11(Long), 2026-07-06(LocalDate), 测试查找功能(String), /docs/ledger-find.docx(String), 0(Long)
<==    Updates: 1
Releasing transactional SqlSession [org.apache.ibatis.session.defaults.DefaultSqlSession@49986178]
Fetched SqlSession [org.apache.ibatis.session.defaults.DefaultSqlSession@49986178] from current transaction
==>  Preparing: SELECT * FROM ledger_records WHERE id = ?
==> Parameters: 1(Long)
<==    Columns: ID, RECORD_ID, INSPECTION_DATE, CONTENT, DOCX_PATH, SYNC_VERSION, CREATED_AT, UPDATED_AT
<==        Row: 1, 11, 2026-07-06, 测试查找功能, /docs/ledger-find.docx, 0, 2026-07-06 11:52:17.716377, 2026-07-06 11:52:17.716377
<==      Total: 1
Releasing transactional SqlSession [org.apache.ibatis.session.defaults.DefaultSqlSession@49986178]
Transaction synchronization deregistering SqlSession [org.apache.ibatis.session.defaults.DefaultSqlSession@49986178]
Transaction synchronization closing SqlSession [org.apache.ibatis.session.defaults.DefaultSqlSession@49986178]
Creating a new SqlSession
Registering transaction synchronization for SqlSession [org.apache.ibatis.session.defaults.DefaultSqlSession@6f106af8]
JDBC Connection [conn21: url=jdbc:h2:mem:02547366-148b-4e32-8219-3df8f0b043c5 user=SA] will be managed by Spring
==>  Preparing: INSERT INTO inspection_records ( batch_id, inspection_date, total_cameras, online_count, offline_count, abnormal_count, status, sync_version ) VALUES ( ?, ?, ?, ?, ?, ?, ?, ? )
==> Parameters: BATCH-LEDGER-11124631509200(String), 2026-07-06(LocalDate), 5(Integer), 5(Integer), 0(Integer), 0(Integer), RUNNING(String), 0(Long)
<==    Updates: 1
Releasing transactional SqlSession [org.apache.ibatis.session.defaults.DefaultSqlSession@6f106af8]
Fetched SqlSession [org.apache.ibatis.session.defaults.DefaultSqlSession@6f106af8] from current transaction
==>  Preparing: INSERT INTO ledger_records ( record_id, inspection_date, content, docx_path, sync_version ) VALUES ( ?, ?, ?, ?, ? )
==> Parameters: 12(Long), 2026-07-06(LocalDate), 测试台账内容(String), /docs/ledger-001.docx(String), 0(Long)
<==    Updates: 1
Releasing transactional SqlSession [org.apache.ibatis.session.defaults.DefaultSqlSession@6f106af8]
Transaction synchronization deregistering SqlSession [org.apache.ibatis.session.defaults.DefaultSqlSession@6f106af8]
Transaction synchronization closing SqlSession [org.apache.ibatis.session.defaults.DefaultSqlSession@6f106af8]
Creating a new SqlSession
Registering transaction synchronization for SqlSession [org.apache.ibatis.session.defaults.DefaultSqlSession@1a84a8b2]
JDBC Connection [conn22: url=jdbc:h2:mem:02547366-148b-4e32-8219-3df8f0b043c5 user=SA] will be managed by Spring
==>  Preparing: SELECT * FROM ledger_records WHERE sync_version > ? ORDER BY sync_version ASC LIMIT ?
==> Parameters: 0(Long), 100(Integer)
<==      Total: 0
Releasing transactional SqlSession [org.apache.ibatis.session.defaults.DefaultSqlSession@1a84a8b2]
Transaction synchronization deregistering SqlSession [org.apache.ibatis.session.defaults.DefaultSqlSession@1a84a8b2]
Transaction synchronization closing SqlSession [org.apache.ibatis.session.defaults.DefaultSqlSession@1a84a8b2]
Creating a new SqlSession
Registering transaction synchronization for SqlSession [org.apache.ibatis.session.defaults.DefaultSqlSession@a1e912f]
JDBC Connection [conn23: url=jdbc:h2:mem:02547366-148b-4e32-8219-3df8f0b043c5 user=SA] will be managed by Spring
==>  Preparing: INSERT INTO inspection_records ( batch_id, inspection_date, total_cameras, online_count, offline_count, abnormal_count, status, sync_version ) VALUES ( ?, ?, ?, ?, ?, ?, ?, ? )
==> Parameters: BATCH-LEDGER-11124644112400(String), 2026-07-06(LocalDate), 5(Integer), 5(Integer), 0(Integer), 0(Integer), RUNNING(String), 0(Long)
<==    Updates: 1
Releasing transactional SqlSession [org.apache.ibatis.session.defaults.DefaultSqlSession@a1e912f]
Fetched SqlSession [org.apache.ibatis.session.defaults.DefaultSqlSession@a1e912f] from current transaction
==>  Preparing: INSERT INTO ledger_records ( record_id, inspection_date, content, docx_path, sync_version ) VALUES ( ?, ?, ?, ?, ? )
==> Parameters: 13(Long), 2026-07-06(LocalDate), 台账记录1(String), null, 0(Long)
<==    Updates: 1
Releasing transactional SqlSession [org.apache.ibatis.session.defaults.DefaultSqlSession@a1e912f]
Fetched SqlSession [org.apache.ibatis.session.defaults.DefaultSqlSession@a1e912f] from current transaction
==>  Preparing: INSERT INTO ledger_records ( record_id, inspection_date, content, docx_path, sync_version ) VALUES ( ?, ?, ?, ?, ? )
==> Parameters: 13(Long), 2026-07-06(LocalDate), 台账记录2(String), null, 0(Long)
<==    Updates: 1
Releasing transactional SqlSession [org.apache.ibatis.session.defaults.DefaultSqlSession@a1e912f]
Fetched SqlSession [org.apache.ibatis.session.defaults.DefaultSqlSession@a1e912f] from current transaction
==>  Preparing: SELECT * FROM ledger_records WHERE record_id = ? ORDER BY id ASC
==> Parameters: 13(Long)
<==    Columns: ID, RECORD_ID, INSPECTION_DATE, CONTENT, DOCX_PATH, SYNC_VERSION, CREATED_AT, UPDATED_AT
<==        Row: 3, 13, 2026-07-06, 台账记录1, null, 0, 2026-07-06 11:52:17.739374, 2026-07-06 11:52:17.739374
<==        Row: 4, 13, 2026-07-06, 台账记录2, null, 0, 2026-07-06 11:52:17.739374, 2026-07-06 11:52:17.739374
<==      Total: 2
Releasing transactional SqlSession [org.apache.ibatis.session.defaults.DefaultSqlSession@a1e912f]
Transaction synchronization deregistering SqlSession [org.apache.ibatis.session.defaults.DefaultSqlSession@a1e912f]
Transaction synchronization closing SqlSession [org.apache.ibatis.session.defaults.DefaultSqlSession@a1e912f]
Creating a new SqlSession
Registering transaction synchronization for SqlSession [org.apache.ibatis.session.defaults.DefaultSqlSession@7d088813]
JDBC Connection [conn24: url=jdbc:h2:mem:02547366-148b-4e32-8219-3df8f0b043c5 user=SA] will be managed by Spring
==>  Preparing: INSERT INTO inspection_records ( batch_id, inspection_date, total_cameras, online_count, offline_count, abnormal_count, status, sync_version ) VALUES ( ?, ?, ?, ?, ?, ?, ?, ? )
==> Parameters: BATCH-LEDGER-11124653885300(String), 2026-07-06(LocalDate), 5(Integer), 5(Integer), 0(Integer), 0(Integer), RUNNING(String), 0(Long)
<==    Updates: 1
Releasing transactional SqlSession [org.apache.ibatis.session.defaults.DefaultSqlSession@7d088813]
Fetched SqlSession [org.apache.ibatis.session.defaults.DefaultSqlSession@7d088813] from current transaction
==>  Preparing: INSERT INTO ledger_records ( record_id, inspection_date, content, docx_path, sync_version ) VALUES ( ?, ?, ?, ?, ? )
==> Parameters: 14(Long), 2026-07-06(LocalDate), findAll测试(String), null, 0(Long)
<==    Updates: 1
Releasing transactional SqlSession [org.apache.ibatis.session.defaults.DefaultSqlSession@7d088813]
Fetched SqlSession [org.apache.ibatis.session.defaults.DefaultSqlSession@7d088813] from current transaction
==>  Preparing: SELECT * FROM ledger_records ORDER BY created_at DESC
==> Parameters: 
<==    Columns: ID, RECORD_ID, INSPECTION_DATE, CONTENT, DOCX_PATH, SYNC_VERSION, CREATED_AT, UPDATED_AT
<==        Row: 5, 14, 2026-07-06, findAll测试, null, 0, 2026-07-06 11:52:17.748375, 2026-07-06 11:52:17.748375
<==      Total: 1
Releasing transactional SqlSession [org.apache.ibatis.session.defaults.DefaultSqlSession@7d088813]
Transaction synchronization deregistering SqlSession [org.apache.ibatis.session.defaults.DefaultSqlSession@7d088813]
Transaction synchronization closing SqlSession [org.apache.ibatis.session.defaults.DefaultSqlSession@7d088813]
[INFO] Tests run: 5, Failures: 0, Errors: 0, Skipped: 0, Time elapsed: 0.050 s -- in com.enviro.brain.mapper.LedgerRecordMapperTest
[INFO] Running com.enviro.brain.mapper.SyncVersionMapperTest
2026-07-06T11:52:17.754+08:00  INFO 33668 --- [           main] t.c.s.AnnotationConfigContextLoaderUtils : Could not detect default configuration classes for test class [com.enviro.brain.mapper.SyncVersionMapperTest]: SyncVersionMapperTest does not declare any static, non-private, non-final, nested classes annotated with @Configuration.
2026-07-06T11:52:17.760+08:00  INFO 33668 --- [           main] .b.t.c.SpringBootTestContextBootstrapper : Found @SpringBootConfiguration com.enviro.brain.EnviroBrainApplication for test class com.enviro.brain.mapper.SyncVersionMapperTest
Creating a new SqlSession
Registering transaction synchronization for SqlSession [org.apache.ibatis.session.defaults.DefaultSqlSession@7bf65e0f]
JDBC Connection [conn25: url=jdbc:h2:mem:02547366-148b-4e32-8219-3df8f0b043c5 user=SA] will be managed by Spring
==>  Preparing: UPDATE sync_version_seq SET next_val = next_val + 1 WHERE id = 1
==> Parameters: 
<==    Updates: 1
Releasing transactional SqlSession [org.apache.ibatis.session.defaults.DefaultSqlSession@7bf65e0f]
Fetched SqlSession [org.apache.ibatis.session.defaults.DefaultSqlSession@7bf65e0f] from current transaction
==>  Preparing: SELECT next_val FROM sync_version_seq WHERE id = 1
==> Parameters: 
<==    Columns: NEXT_VAL
<==        Row: 2
<==      Total: 1
Releasing transactional SqlSession [org.apache.ibatis.session.defaults.DefaultSqlSession@7bf65e0f]
Fetched SqlSession [org.apache.ibatis.session.defaults.DefaultSqlSession@7bf65e0f] from current transaction
==>  Preparing: UPDATE sync_version_seq SET next_val = next_val + 1 WHERE id = 1
==> Parameters: 
<==    Updates: 1
Releasing transactional SqlSession [org.apache.ibatis.session.defaults.DefaultSqlSession@7bf65e0f]
Fetched SqlSession [org.apache.ibatis.session.defaults.DefaultSqlSession@7bf65e0f] from current transaction
==>  Preparing: SELECT next_val FROM sync_version_seq WHERE id = 1
==> Parameters: 
<==    Columns: NEXT_VAL
<==        Row: 3
<==      Total: 1
Releasing transactional SqlSession [org.apache.ibatis.session.defaults.DefaultSqlSession@7bf65e0f]
Fetched SqlSession [org.apache.ibatis.session.defaults.DefaultSqlSession@7bf65e0f] from current transaction
==>  Preparing: UPDATE sync_version_seq SET next_val = next_val + 1 WHERE id = 1
==> Parameters: 
<==    Updates: 1
Releasing transactional SqlSession [org.apache.ibatis.session.defaults.DefaultSqlSession@7bf65e0f]
Fetched SqlSession [org.apache.ibatis.session.defaults.DefaultSqlSession@7bf65e0f] from current transaction
==>  Preparing: SELECT next_val FROM sync_version_seq WHERE id = 1
==> Parameters: 
<==    Columns: NEXT_VAL
<==        Row: 4
<==      Total: 1
Releasing transactional SqlSession [org.apache.ibatis.session.defaults.DefaultSqlSession@7bf65e0f]
Fetched SqlSession [org.apache.ibatis.session.defaults.DefaultSqlSession@7bf65e0f] from current transaction
==>  Preparing: UPDATE sync_version_seq SET next_val = next_val + 1 WHERE id = 1
==> Parameters: 
<==    Updates: 1
Releasing transactional SqlSession [org.apache.ibatis.session.defaults.DefaultSqlSession@7bf65e0f]
Fetched SqlSession [org.apache.ibatis.session.defaults.DefaultSqlSession@7bf65e0f] from current transaction
==>  Preparing: SELECT next_val FROM sync_version_seq WHERE id = 1
==> Parameters: 
<==    Columns: NEXT_VAL
<==        Row: 5
<==      Total: 1
Releasing transactional SqlSession [org.apache.ibatis.session.defaults.DefaultSqlSession@7bf65e0f]
Fetched SqlSession [org.apache.ibatis.session.defaults.DefaultSqlSession@7bf65e0f] from current transaction
==>  Preparing: UPDATE sync_version_seq SET next_val = next_val + 1 WHERE id = 1
==> Parameters: 
<==    Updates: 1
Releasing transactional SqlSession [org.apache.ibatis.session.defaults.DefaultSqlSession@7bf65e0f]
Fetched SqlSession [org.apache.ibatis.session.defaults.DefaultSqlSession@7bf65e0f] from current transaction
==>  Preparing: SELECT next_val FROM sync_version_seq WHERE id = 1
==> Parameters: 
<==    Columns: NEXT_VAL
<==        Row: 6
<==      Total: 1
Releasing transactional SqlSession [org.apache.ibatis.session.defaults.DefaultSqlSession@7bf65e0f]
Fetched SqlSession [org.apache.ibatis.session.defaults.DefaultSqlSession@7bf65e0f] from current transaction
==>  Preparing: UPDATE sync_version_seq SET next_val = next_val + 1 WHERE id = 1
==> Parameters: 
<==    Updates: 1
Releasing transactional SqlSession [org.apache.ibatis.session.defaults.DefaultSqlSession@7bf65e0f]
Fetched SqlSession [org.apache.ibatis.session.defaults.DefaultSqlSession@7bf65e0f] from current transaction
==>  Preparing: SELECT next_val FROM sync_version_seq WHERE id = 1
==> Parameters: 
<==    Columns: NEXT_VAL
<==        Row: 7
<==      Total: 1
Releasing transactional SqlSession [org.apache.ibatis.session.defaults.DefaultSqlSession@7bf65e0f]
Fetched SqlSession [org.apache.ibatis.session.defaults.DefaultSqlSession@7bf65e0f] from current transaction
==>  Preparing: UPDATE sync_version_seq SET next_val = next_val + 1 WHERE id = 1
==> Parameters: 
<==    Updates: 1
Releasing transactional SqlSession [org.apache.ibatis.session.defaults.DefaultSqlSession@7bf65e0f]
Fetched SqlSession [org.apache.ibatis.session.defaults.DefaultSqlSession@7bf65e0f] from current transaction
==>  Preparing: SELECT next_val FROM sync_version_seq WHERE id = 1
==> Parameters: 
<==    Columns: NEXT_VAL
<==        Row: 8
<==      Total: 1
Releasing transactional SqlSession [org.apache.ibatis.session.defaults.DefaultSqlSession@7bf65e0f]
Fetched SqlSession [org.apache.ibatis.session.defaults.DefaultSqlSession@7bf65e0f] from current transaction
==>  Preparing: UPDATE sync_version_seq SET next_val = next_val + 1 WHERE id = 1
==> Parameters: 
<==    Updates: 1
Releasing transactional SqlSession [org.apache.ibatis.session.defaults.DefaultSqlSession@7bf65e0f]
Fetched SqlSession [org.apache.ibatis.session.defaults.DefaultSqlSession@7bf65e0f] from current transaction
==>  Preparing: SELECT next_val FROM sync_version_seq WHERE id = 1
==> Parameters: 
<==    Columns: NEXT_VAL
<==        Row: 9
<==      Total: 1
Releasing transactional SqlSession [org.apache.ibatis.session.defaults.DefaultSqlSession@7bf65e0f]
Fetched SqlSession [org.apache.ibatis.session.defaults.DefaultSqlSession@7bf65e0f] from current transaction
==>  Preparing: UPDATE sync_version_seq SET next_val = next_val + 1 WHERE id = 1
==> Parameters: 
<==    Updates: 1
Releasing transactional SqlSession [org.apache.ibatis.session.defaults.DefaultSqlSession@7bf65e0f]
Fetched SqlSession [org.apache.ibatis.session.defaults.DefaultSqlSession@7bf65e0f] from current transaction
==>  Preparing: SELECT next_val FROM sync_version_seq WHERE id = 1
==> Parameters: 
<==    Columns: NEXT_VAL
<==        Row: 10
<==      Total: 1
Releasing transactional SqlSession [org.apache.ibatis.session.defaults.DefaultSqlSession@7bf65e0f]
Fetched SqlSession [org.apache.ibatis.session.defaults.DefaultSqlSession@7bf65e0f] from current transaction
==>  Preparing: UPDATE sync_version_seq SET next_val = next_val + 1 WHERE id = 1
==> Parameters: 
<==    Updates: 1
Releasing transactional SqlSession [org.apache.ibatis.session.defaults.DefaultSqlSession@7bf65e0f]
Fetched SqlSession [org.apache.ibatis.session.defaults.DefaultSqlSession@7bf65e0f] from current transaction
==>  Preparing: SELECT next_val FROM sync_version_seq WHERE id = 1
==> Parameters: 
<==    Columns: NEXT_VAL
<==        Row: 11
<==      Total: 1
Releasing transactional SqlSession [org.apache.ibatis.session.defaults.DefaultSqlSession@7bf65e0f]
Transaction synchronization deregistering SqlSession [org.apache.ibatis.session.defaults.DefaultSqlSession@7bf65e0f]
Transaction synchronization closing SqlSession [org.apache.ibatis.session.defaults.DefaultSqlSession@7bf65e0f]
Creating a new SqlSession
Registering transaction synchronization for SqlSession [org.apache.ibatis.session.defaults.DefaultSqlSession@5423a17]
JDBC Connection [conn26: url=jdbc:h2:mem:02547366-148b-4e32-8219-3df8f0b043c5 user=SA] will be managed by Spring
==>  Preparing: UPDATE sync_version_seq SET next_val = next_val + 1 WHERE id = 1
==> Parameters: 
<==    Updates: 1
Releasing transactional SqlSession [org.apache.ibatis.session.defaults.DefaultSqlSession@5423a17]
Fetched SqlSession [org.apache.ibatis.session.defaults.DefaultSqlSession@5423a17] from current transaction
==>  Preparing: SELECT next_val FROM sync_version_seq WHERE id = 1
==> Parameters: 
<==    Columns: NEXT_VAL
<==        Row: 2
<==      Total: 1
Releasing transactional SqlSession [org.apache.ibatis.session.defaults.DefaultSqlSession@5423a17]
Transaction synchronization deregistering SqlSession [org.apache.ibatis.session.defaults.DefaultSqlSession@5423a17]
Transaction synchronization closing SqlSession [org.apache.ibatis.session.defaults.DefaultSqlSession@5423a17]
[ERROR] Tests run: 2, Failures: 1, Errors: 0, Skipped: 0, Time elapsed: 0.051 s <<< FAILURE! -- in com.enviro.brain.mapper.SyncVersionMapperTest
[ERROR] com.enviro.brain.mapper.SyncVersionMapperTest.nextVersion_shouldIncrementAtomically -- Time elapsed: 0.019 s <<< FAILURE!
org.opentest4j.AssertionFailedError: 

expected: 1L
 but was: 2L
	at java.base/jdk.internal.reflect.NativeConstructorAccessorImpl.newInstance0(Native Method)
	at java.base/jdk.internal.reflect.NativeConstructorAccessorImpl.newInstance(NativeConstructorAccessorImpl.java:77)
	at java.base/jdk.internal.reflect.DelegatingConstructorAccessorImpl.newInstance(DelegatingConstructorAccessorImpl.java:45)
	at java.base/java.lang.reflect.Constructor.newInstanceWithCaller(Constructor.java:499)
	at com.enviro.brain.mapper.SyncVersionMapperTest.nextVersion_shouldIncrementAtomically(SyncVersionMapperTest.java:21)
	at java.base/java.lang.reflect.Method.invoke(Method.java:568)
	at java.base/java.util.ArrayList.forEach(ArrayList.java:1511)
	at java.base/java.util.ArrayList.forEach(ArrayList.java:1511)

[INFO] 
[INFO] Results:
[INFO] 
[ERROR] Failures: 
[ERROR]   SyncVersionMapperTest.nextVersion_shouldIncrementAtomically:21 
expected: 1L
 but was: 2L
[INFO] 
[ERROR] Tests run: 35, Failures: 1, Errors: 0, Skipped: 0
[INFO] 
[INFO] ------------------------------------------------------------------------
[INFO] BUILD FAILURE
[INFO] ------------------------------------------------------------------------
[INFO] Total time:  13.497 s
[INFO] Finished at: 2026-07-06T11:52:18+08:00
[INFO] ------------------------------------------------------------------------
[ERROR] Failed to execute goal org.apache.maven.plugins:maven-surefire-plugin:3.2.5:test (default-test) on project enviro-brain: There are test failures.
[ERROR] 
[ERROR] Please refer to D:\gkproject\camera-inspection3.0\enviro-brain\target\surefire-reports for the individual test results.
[ERROR] Please refer to dump files (if any exist) [date].dump, [date]-jvmRun[N].dump and [date].dumpstream.
[ERROR] -> [Help 1]
[ERROR] 
[ERROR] To see the full stack trace of the errors, re-run Maven with the -e switch.
[ERROR] Re-run Maven using the -X switch to enable full debug logging.
[ERROR] 
[ERROR] For more information about the errors and possible solutions, please read the following articles:
[ERROR] [Help 1] http://cwiki.apache.org/confluence/display/MAVEN/MojoFailureException
